[0;1mtumtum[40m[K

[MF T100 L8O2A.AG.4L16CDFDL8G.G.F.E16DL16CDFDF4L8GE.D16CCCG4F2L16CDFDL8A.[A
[MFA.G.L16CDFDO3C4O2L8EF.E16EL16CDFDF4L8GE.D16C4CG4F2P8DFDFF4P8EDC.4P8[A
[MFDDEFDC4P8O3CCO2G4AGFP8DFDFDFGP8EDC.4P8DDEFDCP8P8GGAG.4F2FGAGGGGAGCC4[A
[MFP8DEFDP8GAG.4L16CDFDL8A.A.G.4L16CDFDL8G.G.F.E16DL16CDFDF4L8GE.D16E4[A
[MFEG4F2L16CDFDL8A.A.G.4L16CDFDO3C4O2L8EF.E16DL16CDFDF4L8GE.D16C4CG4F2[A
[MFL16CDFD+P4[A
the end[40m[K[0m
